package pkg

import (
	"fmt"
	"io"
)

func _(w io.Writer) {
	fmt.Fprint(w, "abc", "de")   /* want `should use fmt.Fprint` */
	fmt.Fprintf(w, "%T", w)      /* want `should use fmt.Fprintf` */
	fmt.Fprintln(w, "abc", "de") /* want `should use fmt.Fprintln` */
}
